---
source: tui_app_server/src/chatwidget/tests.rs
expression: popup
---
  View Account Limits
  Choose a saved account to review or refresh its latest usage and reset times.
  This session: primary@example.com (pro)
  1 misnamed account file(s) are ignored until renamed in /accounts.

› 1. primary@example.com (current)  5h  40% until 12:00 on 1 Jan · weekly  10% until 09:00 on 4
                                    Jan. Press enter to refresh this account now.
     api-key (disabled)             No snapshot yet · Limit snapshots are only available for saved
                                    ChatGPT accounts. (disabled: Only saved ChatGPT accounts can
                                    refresh limit snapshots.)
  3. Refresh due account limits     Refresh 1 saved ChatGPT account whose limit snapshot is due
                                    now.
  4. Force refresh all accounts     Refresh the saved ChatGPT account limit snapshot now, even if
                                    it is not due yet.

  Press enter to confirm or esc to go back
