---
source: tui_app_server/src/chatwidget/tests.rs
expression: popup
---
  Rename Account Files
  Misnamed saved auth files are ignored until they use the expected account id.
  This session: Account 1 (pro)
  1 misnamed account file(s) can be renamed; 1 duplicate file(s) are ignored.

› 1. Rename all usable files            Rename 1 usable file(s) now. 1 duplicate file(s) will stay
                                        ignored.
  2. chatgpt-old.json                   Account 2 (pro). Rename to chatgpt-1234abcd5678ef90.json
                                        to make it usable.
     chatgpt-duplicate.json (disabled)  Account 3 (pro). Ignored duplicate; chatgpt-
                                        1111222233334444.json already exists. (disabled: The
                                        correctly named file already exists.)

  Press enter to confirm or esc to go back
