---
source: tui/src/bottom_pane/chat_composer.rs
expression: terminal.backend()
---
"                                                                        "
"› $auto                                                                 "
"                                                                        "
"                                                                        "
"                                                                        "
"  auto  [Command] automation command, not a skill                       "
"  auto  [Skill] Skill with the same name as the dollar command          "
"                                                                        "
"  Press enter to insert or esc to close                                 "
