---
source: tui/src/bottom_pane/chat_composer.rs
expression: terminal.backend()
---
"                                                                        "
"› $auto                                                                 "
"                                                                        "
"  auto          [Command] automation command                            "
"  auto          [Skill] Skill with the same name as the dollar command  "
"  autoresearch  [Command] autoresearch command                          "
"  pilot         [Command] pilot command                                 "
"                                                                        "
"  Press enter to insert or esc to close                                 "
