---
source: tui/src/chatwidget/tests.rs
expression: popup
---
  Rename Account Files
  Misnamed saved auth files are ignored until they use the expected account id.
  This session: none

› 1. Rename all usable files  Rename all 1 usable misnamed account file(s).
  2. rename-popup.json        rename-popup@example.com (Pro). Rename to chatgpt-
                              ddc478bf00678a37.json to make it usable.

  Press enter to confirm or esc to go back
